// Jest Snapshot v1, https://goo.gl/fbAQLP

exports[`Dedication component matches the snapshot of the Dedication section. 1`] = `
<DocumentFragment>
  <section
    aria-label="Dedication"
    id="dedication"
  >
    <h2>
      Dedication
    </h2>
    <p>
      This website is lovingly dedicated to my family and closest friends, whose encouragement fuels my strength.
    </p>
    <p>
      This work is a testament to your guidance, patience, and unwavering faith in me. For all that you are, and all that you have given - I am deeply grateful.
    </p>
  </section>
</DocumentFragment>
`;
