// Vitest Snapshot v1, https://vitest.dev/guide/snapshot.html

exports[`Experience component > matches the snapshot of the Experience section 1`] = `
<DocumentFragment>
  <header
    class="section-header"
  >
    <h2
      id="experience-title"
    >
      Experience
    </h2>
    <p
      class="section-intro"
    >
      Roles centered on building reliable systems designed to last.
    </p>
  </header>
  <ol
    aria-labelledby="experience-title"
    class="experience-list"
  >
    <li
      class="experience-entry"
    >
      <span
        aria-hidden="true"
        class="experience-marker"
      />
      <article
        class="experience-card surface-card"
      >
        <header
          class="experience-header"
        >
          <div
            class="experience-heading"
          >
            <h3>
              IT System Engineer
            </h3>
            <p
              class="experience-company"
            >
              Primary Systems
            </p>
          </div>
          <div
            aria-label="Employment period"
            class="experience-period"
          >
            <time
              datetime="2023-05"
            >
              May 2023
            </time>
            <span
              aria-hidden="true"
            >
              –
            </span>
            <time
              datetime="2023-09"
            >
              September 2023
            </time>
          </div>
        </header>
      </article>
    </li>
    <li
      class="experience-entry"
    >
      <span
        aria-hidden="true"
        class="experience-marker"
      />
      <article
        class="experience-card surface-card"
      >
        <header
          class="experience-header"
        >
          <div
            class="experience-heading"
          >
            <h3>
              Software Engineer
            </h3>
            <p
              class="experience-company"
            >
              Walmart
            </p>
          </div>
          <div
            aria-label="Employment period"
            class="experience-period"
          >
            <time
              datetime="2021-07"
            >
              July 2021
            </time>
            <span
              aria-hidden="true"
            >
              –
            </span>
            <time
              datetime="2022-10"
            >
              October 2022
            </time>
          </div>
        </header>
      </article>
    </li>
  </ol>
</DocumentFragment>
`;
