// Jest Snapshot v1, https://jestjs.io/docs/snapshot-testing

exports[`Experience component matches the snapshot of the Experience section 1`] = `
<DocumentFragment>
  <h2
    class="section-title"
    id="experience-title"
  >
    Experience
  </h2>
  <p
    class="section-intro"
  >
    Roles centered on building reliable systems designed to last.
  </p>
  <ol
    aria-labelledby="experience-title"
    class="experience-timeline"
  >
    <li
      class="experience-entry"
    >
      <span
        aria-hidden="true"
        class="experience-marker"
      />
      <div
        class="experience-content"
      >
        <h3
          class="experience-role"
        >
          IT System Engineer
        </h3>
        <div
          class="experience-meta"
        >
          <span
            class="experience-company"
          >
            Primary Systems
          </span>
          <time
            class="experience-period"
            datetime="2023-05/2023-09"
          >
            May 2023 - September 2023
          </time>
        </div>
      </div>
    </li>
    <li
      class="experience-entry"
    >
      <span
        aria-hidden="true"
        class="experience-marker"
      />
      <div
        class="experience-content"
      >
        <h3
          class="experience-role"
        >
          Software Engineer
        </h3>
        <div
          class="experience-meta"
        >
          <span
            class="experience-company"
          >
            Walmart
          </span>
          <time
            class="experience-period"
            datetime="2021-07/2022-10"
          >
            July 2021 - October 2022
          </time>
        </div>
      </div>
    </li>
  </ol>
</DocumentFragment>
`;
