// Jest Snapshot v1, https://goo.gl/fbAQLP

exports[`Footer Component footer matches the snapshot. 1`] = `
<DocumentFragment>
  <footer
    aria-label="Site footer"
    class="footer"
  >
    <div
      class="footer-inner"
    >
      <p
        class="footer-message"
      >
        Built with intention in Saint Louis.
      </p>
      <p
        class="footer-dedication"
      >
        Dedicated to the friends and family who made the journey possible.
      </p>
      <p
        class="footer-credit"
      >
        © 2026 Kyle McColgan
      </p>
    </div>
  </footer>
</DocumentFragment>
`;
