// Jest Snapshot v1, https://goo.gl/fbAQLP

exports[`Footer Component footer matches the snapshot. 1`] = `
<DocumentFragment>
  <footer
    aria-label="Site Footer"
    class="footer"
  >
    <div
      class="footer-container"
    >
      <p
        class="footer-message"
      >
        Grateful for the journey and the growth this November 🦃🍂
      </p>
      <p
        class="footer-credit"
      >
        © 2025 
        <strong>
          Kyle McColgan
        </strong>
         · Saint Louis
      </p>
    </div>
  </footer>
</DocumentFragment>
`;
