// Jest Snapshot v1, https://goo.gl/fbAQLP

exports[`Header Component matches the snapshot 1`] = `
<DocumentFragment>
  <header
    class="site-header"
  >
    <div
      class="header-content"
    >
      <div
        class="header-text"
      >
        <h1
          class="header-name"
        >
          Kyle D. McColgan
        </h1>
        <h2
          class="header-role"
        >
          Technology Professional
        </h2>
      </div>
      <figure
        class="header-image-wrapper"
      >
        <img
          alt="Kyle at the beach."
          class="header-img"
          loading="lazy"
          src="test-file-stub"
        />
        <figcaption
          class="visually-hidden"
        >
          Semi-professional headshot of Kyle.
        </figcaption>
      </figure>
    </div>
  </header>
</DocumentFragment>
`;
