// Jest Snapshot v1, https://jestjs.io/docs/snapshot-testing

exports[`Header Component matches the snapshot 1`] = `
<DocumentFragment>
  <header
    class="site-header"
  >
    <div
      class="container"
    >
      <div
        class="header-inner"
      >
        <img
          alt="Portrait of Kyle D. McColgan"
          class="header-avatar"
          decoding="async"
          fetchpriority="high"
          height="160"
          loading="eager"
          src="test-file-stub"
          width="160"
        />
        <div
          class="header-intro"
        >
          <p
            class="header-eyebrow"
          >
            Technology Professional
          </p>
          <div
            class="header-title-group"
          >
            <h1
              class="header-title"
            >
              Kyle D. McColgan
            </h1>
            <p
              class="header-tagline"
            >
              Building simple, modern software systems.
            </p>
          </div>
        </div>
      </div>
    </div>
  </header>
</DocumentFragment>
`;
