// Jest Snapshot v1, https://goo.gl/fbAQLP

exports[`History component matches the snapshot of the History section 1`] = `
<DocumentFragment>
  <div
    aria-labelledby="history-title"
    class="section-content"
    id="history"
    role="region"
  >
    <h2
      class="section-title"
      id="history-title"
    >
      Professional History
    </h2>
    <ul
      class="history-list"
    >
      <li
        class="history-item"
      >
        <div
          aria-hidden="true"
          class="history-marker"
        />
        <div
          class="history-content"
        >
          <h3
            class="history-role"
          >
            IT System Engineer
          </h3>
          <p
            class="history-company"
          >
            Primary Systems
          </p>
          <time
            class="history-period"
          >
            May 2023 - September 2023
          </time>
        </div>
      </li>
      <li
        class="history-item"
      >
        <div
          aria-hidden="true"
          class="history-marker"
        />
        <div
          class="history-content"
        >
          <h3
            class="history-role"
          >
            Software Engineer
          </h3>
          <p
            class="history-company"
          >
            Walmart
          </p>
          <time
            class="history-period"
          >
            July 2021 - October 2022
          </time>
        </div>
      </li>
    </ul>
  </div>
</DocumentFragment>
`;
