// Jest Snapshot v1, https://goo.gl/fbAQLP

exports[`Mission Component matches the snapshot of the Mission section 1`] = `
<DocumentFragment>
  <div
    aria-labelledby="mission-title"
    class="section-content mission"
    id="mission"
  >
    <h2
      class="section-title"
      id="mission-title"
    >
      Mission
    </h2>
    <div
      class="mission-body"
    >
      <p
        class="mission-lead"
      >
        My mission is to uplift the local tech community by sharing the knowledge I've gained and fostering an environment of integrity, collaboration, and continuous growth.
      </p>
      <p>
        I am dedicated to supporting developers, IT professionals, and organizations in building secure, efficient, and scalable systems. My goal is to exceed expectations by delivering solutions that are thoughtfully designed, secure, and accessible.
      </p>
      <p>
        Driven by the evolving world of technology, I embrace challenges as opportunities for growth. By staying curious and persistent, I strive to contribute positively to the broader tech landscape while growing personally and professionally.
      </p>
    </div>
  </div>
</DocumentFragment>
`;
