// Jest Snapshot v1, https://jestjs.io/docs/snapshot-testing

exports[`Mission Component matches the snapshot of the Mission section 1`] = `
<DocumentFragment>
  <h2
    class="section-title"
    id="mission-title"
  >
    Mission
  </h2>
  <div
    aria-labelledby="mission-title"
    class="section-text"
    role="region"
  >
    <p
      class="section-lead"
    >
      My mission consists of sharing the wealth of knowledge earned throughout my career in order to uplift and elevate the local technology community in Saint Louis.
    </p>
    <p>
      Through mentorship and collaboration, I strive to contribute simple, modern systems that raise the standard of local innovation and strengthen the people behind it.
    </p>
  </div>
</DocumentFragment>
`;
