// Jest Snapshot v1, https://goo.gl/fbAQLP

exports[`Projects component matches the snapshot of the Projects section 1`] = `
<DocumentFragment>
  <div
    aria-labelledby="projects-title"
    class="section-content"
    id="projects"
    role="region"
  >
    <h2
      class="section-title"
      id="projects-title"
    >
      Projects
    </h2>
    <ul
      class="projects-list"
    >
      <li
        class="card"
      >
        <h3
          class="project-title"
        >
          Automated Snapshot Management Script
        </h3>
        <p
          class="project-description"
        >
          A Bash script that automates system snapshot storage with Snapper. Enhances reliability by managing snapshots efficiently and transferring them to local storage to conserve disk space while maintaining version history.
        </p>
        <ul
          class="project-tech"
        >
          <li
            class="tech-tag"
          >
            Bash
          </li>
          <li
            class="tech-tag"
          >
            Linux
          </li>
          <li
            class="tech-tag"
          >
            Snapper
          </li>
        </ul>
      </li>
      <li
        class="card"
      >
        <h3
          class="project-title"
        >
          ShowMeTasks
        </h3>
        <p
          class="project-description"
        >
          A full-stack to-do list application built with Java, React, and Spring Boot. Offers a seamless task management experience with responsive design, robust backend logic, and secure RESTful APIs.
        </p>
        <ul
          class="project-tech"
        >
          <li
            class="tech-tag"
          >
            Java
          </li>
          <li
            class="tech-tag"
          >
            React
          </li>
          <li
            class="tech-tag"
          >
            Spring Boot
          </li>
          <li
            class="tech-tag"
          >
            MySQL
          </li>
        </ul>
      </li>
    </ul>
  </div>
</DocumentFragment>
`;
