// Jest Snapshot v1, https://goo.gl/fbAQLP

exports[`Skills Component matches the snapshot of the Skills section 1`] = `
<DocumentFragment>
  <h2
    class="section-title"
    id="skills-title"
  >
    Skills
  </h2>
  <p
    class="section-intro"
  >
    Core technical disciplines I work in most often.
  </p>
  <ul
    aria-labelledby="skills-title"
    class="skills-grid"
    role="list"
  >
    <li
      class="skill card"
    >
      <h3
        class="skill-title"
      >
        Application Development
      </h3>
      <p
        class="skill-description"
      >
        Designing scalable web applications with modular architecture using Java, React, and Spring Boot.
      </p>
    </li>
    <li
      class="skill card"
    >
      <h3
        class="skill-title"
      >
        Frontend Engineering
      </h3>
      <p
        class="skill-description"
      >
        Creating accessible, intuitive interfaces with modern JavaScript and maintainable React component design.
      </p>
    </li>
    <li
      class="skill card"
    >
      <h3
        class="skill-title"
      >
        Backend & Systems
      </h3>
      <p
        class="skill-description"
      >
        Building performant backend services and system-level software in Java and C++.
      </p>
    </li>
    <li
      class="skill card"
    >
      <h3
        class="skill-title"
      >
        Information Security
      </h3>
      <p
        class="skill-description"
      >
        Applying secure coding practices and threat mitigation principles to protect data integrity and privacy.
      </p>
    </li>
  </ul>
</DocumentFragment>
`;
