// Jest Snapshot v1, https://jestjs.io/docs/snapshot-testing

exports[`Skills Component matches the snapshot of the Skills section 1`] = `
<DocumentFragment>
  <h2
    class="section-title"
    id="skills-title"
  >
    Skills
  </h2>
  <p
    class="section-intro"
  >
    Core technical disciplines I work in most often.
  </p>
  <ul
    aria-labelledby="skills-title"
    class="content-grid"
    role="list"
  >
    <li
      class="content-card skill card"
    >
      <div
        class="content-stack"
      >
        <h3
          class="content-title"
        >
          Application Development
        </h3>
        <p
          class="content-description"
        >
          Designing scalable web applications with modular architecture using Java, React, and Spring Boot.
        </p>
      </div>
    </li>
    <li
      class="content-card skill card"
    >
      <div
        class="content-stack"
      >
        <h3
          class="content-title"
        >
          Frontend Engineering
        </h3>
        <p
          class="content-description"
        >
          Creating accessible, intuitive interfaces with modern JavaScript and maintainable React component design.
        </p>
      </div>
    </li>
    <li
      class="content-card skill card"
    >
      <div
        class="content-stack"
      >
        <h3
          class="content-title"
        >
          Backend & Systems
        </h3>
        <p
          class="content-description"
        >
          Building performant backend services and system-level software in Java and C++.
        </p>
      </div>
    </li>
    <li
      class="content-card skill card"
    >
      <div
        class="content-stack"
      >
        <h3
          class="content-title"
        >
          Information Security
        </h3>
        <p
          class="content-description"
        >
          Applying secure coding practices and threat mitigation principles to protect data integrity and privacy.
        </p>
      </div>
    </li>
  </ul>
</DocumentFragment>
`;
