// Jest Snapshot v1, https://goo.gl/fbAQLP

exports[`Skills Component matches the snapshot of the Skills section 1`] = `
<DocumentFragment>
  <div
    aria-labelledby="skills-title"
    class="section-content skills"
    id="skills"
    role="region"
  >
    <h2
      class="section-title"
      id="skills-title"
    >
      Skills
    </h2>
    <p
      class="skills-intro"
    >
      A focused overview of the technical disciplines I work in most often.
    </p>
    <ul
      class="skills-list"
    >
      <li
        class="skills-item"
      >
        <h3
          class="skills-subtitle"
        >
          Application Development
        </h3>
        <p>
          Designing and building scalable web applications with clean architecture. Experienced in Java and JavaScript, using React on the frontend and Spring Boot on the backend to deliver cohesive, full-stack systems.
        </p>
      </li>
      <li
        class="skills-item"
      >
        <h3
          class="skills-subtitle"
        >
          Frontend Engineering
        </h3>
        <p>
          Creating intuitive, accessible interfaces with HTML, CSS, and modern JavaScript. Focused on clarity, responsiveness, and maintainable React component design.
        </p>
      </li>
      <li
        class="skills-item"
      >
        <h3
          class="skills-subtitle"
        >
          Backend & Systems
        </h3>
        <p>
          Developing efficient backend services and system-level software in Java, C++, and Python, with an emphasis on performance, security, and long-term maintainability.
        </p>
      </li>
      <li
        class="skills-item"
      >
        <h3
          class="skills-subtitle"
        >
          Information Security
        </h3>
        <p>
          Applying secure coding practices and threat-mitigation principles to protect data integrity, privacy, and application reliability.
        </p>
      </li>
    </ul>
  </div>
</DocumentFragment>
`;
